[pixner.net/revest/revest/index.html]
[pixner.net/revest/revest/assets/images/favicon.png]
[backblue.gif]
[fade.gif]
[index.html]
[pixner.net/revest/revest/assets/vendor/bootstrap/css/bootstrap.min.css]
[pixner.net/revest/revest/assets/vendor/font-awesome/css/all.min.css]
[pixner.net/revest/revest/assets/vendor/nice-select/css/nice-select.css]
[pixner.net/revest/revest/assets/vendor/magnific-popup/css/magnific-popup.css]
[pixner.net/revest/revest/assets/vendor/slick/css/slick.css]
[pixner.net/revest/revest/assets/vendor/animate/animate.css]
[pixner.net/revest/revest/assets/css/style.css]
[pixner.net/revest/revest/assets/images/logo.png]
[pixner.net/revest/revest/login.html]
[pixner.net/revest/revest/registration.html]
[pixner.net/revest/revest/index-two.html]
[pixner.net/revest/revest/index-three.html]
[pixner.net/revest/revest/properties.html]
[pixner.net/revest/revest/property-details.html]
[pixner.net/revest/revest/property-alert.html]
[pixner.net/revest/revest/business-loan.html]
[pixner.net/revest/revest/business-loan-details.html]
[pixner.net/revest/revest/loan-application.html]
[pixner.net/revest/revest/list-your-property.html]
[pixner.net/revest/revest/dashboard.html]
[pixner.net/revest/revest/about-us.html]
[pixner.net/revest/revest/affiliate-program.html]
[pixner.net/revest/revest/blog.html]
[pixner.net/revest/revest/blog-two.html]
[pixner.net/revest/revest/blog-single.html]
[pixner.net/revest/revest/career.html]
[pixner.net/revest/revest/career-details.html]
[pixner.net/revest/revest/how-it-works.html]
[pixner.net/revest/revest/key-risks.html]
[pixner.net/revest/revest/loyality-program.html]
[pixner.net/revest/revest/terms-conditions.html]
[pixner.net/revest/revest/privacy-policy.html]
[pixner.net/revest/revest/cookie-policy.html]
[pixner.net/revest/revest/support.html]
[pixner.net/revest/revest/404.html]
[pixner.net/revest/revest/contact-us.html]
[pixner.net/revest/revest/assets/images/hero/light-bg.png]
[pixner.net/revest/revest/assets/images/hero/hero-illustration.png]
[pixner.net/revest/revest/assets/images/property/los.png]
[pixner.net/revest/revest/assets/images/home.png]
[pixner.net/revest/revest/assets/images/property/san.png]
[pixner.net/revest/revest/assets/images/property/weldon.png]
[pixner.net/revest/revest/assets/images/property/lily.png]
[pixner.net/revest/revest/assets/images/property/grid-one.jpg]
[pixner.net/revest/revest/assets/images/property/grid-two.jpg]
[pixner.net/revest/revest/assets/images/property/grid-three.jpg]
[pixner.net/revest/revest/assets/images/property/grid-four.jpg]
[pixner.net/revest/revest/assets/images/property/grid-five.jpg]
[pixner.net/revest/revest/assets/images/property/grid-six.jpg]
[pixner.net/revest/revest/assets/images/overview/passive-income.png]
[pixner.net/revest/revest/assets/images/overview/secure.png]
[pixner.net/revest/revest/assets/images/overview/transparency.png]
[pixner.net/revest/revest/assets/images/overview/support.png]
[pixner.net/revest/revest/assets/images/step/start-bg.png]
[pixner.net/revest/revest/assets/images/step/browse.png]
[pixner.net/revest/revest/assets/images/step/invest.png]
[pixner.net/revest/revest/assets/images/step/earn.png]
[pixner.net/revest/revest/assets/images/video-illustration.png]
[pixner.net/revest/revest/assets/images/globe.png]
[pixner.net/revest/revest/assets/images/platforms.png]
[pixner.net/revest/revest/assets/images/returns.png]
[pixner.net/revest/revest/assets/images/experience.png]
[pixner.net/revest/revest/assets/images/testimonial/dot-map.png]
[pixner.net/revest/revest/assets/images/testimonial/quote.png]
[pixner.net/revest/revest/assets/images/testimonial/avatar.png]
[pixner.net/revest/revest/assets/images/market-illustration.png]
[pixner.net/revest/revest/assets/images/arrow.png]
[pixner.net/revest/revest/assets/images/logo-light.png]
[pixner.net/revest/revest/assets/images/footer/footer__left__circle.png]
[pixner.net/revest/revest/assets/images/footer/footer__right__circle.png]
[pixner.net/revest/revest/assets/images/footer/footer__home___illustration.png]
[pixner.net/revest/revest/assets/vendor/jquery/jquery-3.6.0.min.js]
[pixner.net/revest/revest/assets/vendor/bootstrap/js/bootstrap.bundle.min.js]
[pixner.net/revest/revest/assets/vendor/nice-select/js/jquery.nice-select.min.js]
[pixner.net/revest/revest/assets/vendor/magnific-popup/js/jquery.magnific-popup.min.js]
[pixner.net/revest/revest/assets/vendor/slick/js/slick.js]
[pixner.net/revest/revest/assets/vendor/shuffle/shuffle.min.js]
[pixner.net/revest/revest/assets/vendor/downcount/jquery.downCount.js]
[pixner.net/revest/revest/assets/vendor/waypoints-js/jquery.waypoints.min.js]
[pixner.net/revest/revest/assets/vendor/counter-js/jquery.counterup.min.js]
[pixner.net/revest/revest/assets/vendor/apex-chart/apexcharts.min.js]
[pixner.net/revest/revest/assets/vendor/wow/wow.min.js]
[pixner.net/revest/revest/assets/js/plugin.js]
[pixner.net/revest/revest/assets/js/main.js]
[pixner.net/revest/revest/index.html]
[pixner.net/revest/revest/assets/vendor/bootstrap/css/bootstrap.min.css]
[pixner.net/revest/revest/assets/vendor/font-awesome/webfonts/fa-brands-400.woff2]
[pixner.net/revest/revest/assets/vendor/font-awesome/webfonts/fa-brands-400.ttf]
[pixner.net/revest/revest/assets/vendor/font-awesome/webfonts/fa-regular-400.woff2]
[pixner.net/revest/revest/assets/vendor/font-awesome/webfonts/fa-regular-400.ttf]
[pixner.net/revest/revest/assets/vendor/font-awesome/webfonts/fa-solid-900.woff2]
[pixner.net/revest/revest/assets/vendor/font-awesome/webfonts/fa-v4compatibility.woff2]
[pixner.net/revest/revest/assets/vendor/font-awesome/webfonts/fa-solid-900.ttf]
[pixner.net/revest/revest/assets/vendor/font-awesome/webfonts/fa-v4compatibility.ttf]
[pixner.net/revest/revest/assets/vendor/font-awesome/css/all.min.css]
[pixner.net/revest/revest/assets/vendor/nice-select/css/nice-select.css]
[pixner.net/revest/revest/assets/vendor/magnific-popup/css/magnific-popup.css]
[pixner.net/revest/revest/assets/vendor/slick/css/slick.css]
[pixner.net/revest/revest/assets/vendor/animate/animate.css]
[pixner.net/revest/revest/assets/images/flag.png]
[pixner.net/revest/revest/assets/images/step/left-arrow.png]
[pixner.net/revest/revest/assets/images/step/right-arrow.png]
[pixner.net/revest/revest/assets/images/dot-line.png]
[pixner.net/revest/revest/assets/css/style.css]
[pixner.net/revest/revest/assets/images/registration-bg.png]
[pixner.net/revest/revest/login.html]
[pixner.net/revest/revest/registration.html]
[pixner.net/revest/revest/assets/images/hero/hero-two-bg.png]
[pixner.net/revest/revest/assets/images/hero/hero-two-illustration.png]
[pixner.net/revest/revest/assets/images/icons/san.png]
[pixner.net/revest/revest/assets/images/icons/francisco.png]
[pixner.net/revest/revest/assets/images/icons/weldon.png]
[pixner.net/revest/revest/assets/images/light-two.png]
[pixner.net/revest/revest/assets/images/market-two-illustration.png]
[pixner.net/revest/revest/assets/images/icons/gain.png]
[pixner.net/revest/revest/assets/images/icons/noticed.png]
[pixner.net/revest/revest/assets/images/icons/focus.png]
[pixner.net/revest/revest/assets/images/overview/platform-illustration.png]
[pixner.net/revest/revest/assets/images/icons/investors.png]
[pixner.net/revest/revest/assets/images/icons/completed.png]
[pixner.net/revest/revest/assets/images/icons/annual-return.png]
[pixner.net/revest/revest/assets/images/portfolio-bg.png]
[pixner.net/revest/revest/assets/images/tower.png]
[pixner.net/revest/revest/assets/images/icons/passive.png]
[pixner.net/revest/revest/assets/images/icons/stable.png]
[pixner.net/revest/revest/assets/images/icons/tax.png]
[pixner.net/revest/revest/assets/images/icons/capital.png]
[pixner.net/revest/revest/assets/images/icons/protection.png]
[pixner.net/revest/revest/assets/images/icons/diversifaction.png]
[pixner.net/revest/revest/assets/images/community-bg.png]
[pixner.net/revest/revest/assets/images/community/1.png]
[pixner.net/revest/revest/assets/images/community/2.png]
[pixner.net/revest/revest/assets/images/community/3.png]
[pixner.net/revest/revest/assets/images/community/4.png]
[pixner.net/revest/revest/assets/images/community/5.png]
[pixner.net/revest/revest/assets/images/community/6.png]
[pixner.net/revest/revest/assets/images/community/7.png]
[pixner.net/revest/revest/assets/images/community/8.png]
[pixner.net/revest/revest/assets/images/community/9.png]
[pixner.net/revest/revest/assets/images/community/10.png]
[pixner.net/revest/revest/assets/images/community/11.png]
[pixner.net/revest/revest/assets/images/community/12.png]
[pixner.net/revest/revest/assets/images/community/13.png]
[pixner.net/revest/revest/assets/images/community/14.png]
[pixner.net/revest/revest/assets/images/community/15.png]
[pixner.net/revest/revest/assets/images/community/16.png]
[pixner.net/revest/revest/assets/images/community/17.png]
[pixner.net/revest/revest/assets/images/community/18.png]
[pixner.net/revest/revest/assets/images/community/19.png]
[pixner.net/revest/revest/assets/images/community/22.png]
[pixner.net/revest/revest/assets/images/community/20.png]
[pixner.net/revest/revest/assets/images/community/21.png]
[pixner.net/revest/revest/index-two.html]
[pixner.net/revest/revest/assets/images/hero/hero-three-bg.png]
[pixner.net/revest/revest/assets/images/icons/secure.png]
[pixner.net/revest/revest/assets/images/icons/transparent.png]
[pixner.net/revest/revest/assets/images/icons/cashout.png]
[pixner.net/revest/revest/assets/images/icons/reinvest.png]
[pixner.net/revest/revest/index-three.html]
[pixner.net/revest/revest/assets/images/banner/banner-two-bg.png]
[pixner.net/revest/revest/properties.html]
[pixner.net/revest/revest/assets/images/banner/property-details-banner.png]
[pixner.net/revest/revest/assets/images/check.png]
[pixner.net/revest/revest/assets/images/icons/loan.png]
[pixner.net/revest/revest/assets/images/icons/charge.png]
[pixner.net/revest/revest/assets/images/icons/project.png]
[pixner.net/revest/revest/assets/images/icons/investor.png]
[pixner.net/revest/revest/assets/images/icons/revest.png]
[pixner.net/revest/revest/assets/images/owner.png]
[pixner.net/revest/revest/assets/images/icons/message.png]
[pixner.net/revest/revest/assets/images/gallery/one.png]
[pixner.net/revest/revest/assets/images/gallery/two.png]
[pixner.net/revest/revest/assets/images/gallery/three.png]
[pixner.net/revest/revest/assets/images/gallery/four.png]
[pixner.net/revest/revest/assets/images/gallery/five.png]
[pixner.net/revest/revest/assets/images/gallery/six.png]
[pixner.net/revest/revest/assets/images/gallery/seven.png]
[pixner.net/revest/revest/assets/images/gallery/eight.png]
[pixner.net/revest/revest/assets/images/gallery/nine.png]
[pixner.net/revest/revest/property-details.html]
[pixner.net/revest/revest/assets/images/banner/banner-bg.png]
[pixner.net/revest/revest/property-alert.html]
[pixner.net/revest/revest/assets/images/property/one.png]
[pixner.net/revest/revest/assets/images/property/two.png]
[pixner.net/revest/revest/assets/images/property/three.png]
[pixner.net/revest/revest/assets/images/property/four.png]
[pixner.net/revest/revest/assets/images/property/five.png]
[pixner.net/revest/revest/assets/images/property/six.png]
[pixner.net/revest/revest/business-loan.html]
[pixner.net/revest/revest/assets/images/construction.png]
[pixner.net/revest/revest/assets/images/icons/flag.png]
[pixner.net/revest/revest/business-loan-details.html]
[pixner.net/revest/revest/assets/images/gd-bg.png]
[pixner.net/revest/revest/loan-application.html]
[pixner.net/revest/revest/assets/images/hero/list-bg.png]
[pixner.net/revest/revest/assets/images/icons/successs.png]
[pixner.net/revest/revest/assets/images/icons/served.png]
[pixner.net/revest/revest/assets/images/icons/exp.png]
[pixner.net/revest/revest/assets/images/icons/attractive.png]
[pixner.net/revest/revest/assets/images/icons/fast.png]
[pixner.net/revest/revest/assets/images/icons/innovation.png]
[pixner.net/revest/revest/list-your-property.html]
[pixner.net/revest/revest/investment.html]
[pixner.net/revest/revest/assets/images/direction.png]
[pixner.net/revest/revest/account.html]
[pixner.net/revest/revest/assets/images/profile.png]
[pixner.net/revest/revest/assets/images/icons/dashboard.png]
[pixner.net/revest/revest/assets/images/icons/investments.png]
[pixner.net/revest/revest/transaction.html]
[pixner.net/revest/revest/assets/images/icons/transactions.png]
[pixner.net/revest/revest/withdraw.html]
[pixner.net/revest/revest/assets/images/icons/withdraw.png]
[pixner.net/revest/revest/assets/images/icons/account.png]
[pixner.net/revest/revest/assets/images/icons/logout.png]
[pixner.net/revest/revest/assets/images/icons/calendar.png]
[pixner.net/revest/revest/assets/images/icons/invested.png]
[pixner.net/revest/revest/assets/images/icons/earned.png]
[pixner.net/revest/revest/assets/images/los-two.png]
[pixner.net/revest/revest/assets/images/income.png]
[pixner.net/revest/revest/assets/images/san-two.png]
[pixner.net/revest/revest/dashboard.html]
[pixner.net/cdn-cgi/scripts/5c5dd728/cloudflare-static/email-decode.min.js]
[pixner.net/revest/revest/assets/images/about-video-illustration.png]
[pixner.net/revest/revest/assets/images/one.png]
[pixner.net/revest/revest/assets/images/two.png]
[pixner.net/revest/revest/assets/images/three.png]
[pixner.net/revest/revest/assets/images/team/paul.png]
[pixner.net/revest/revest/assets/images/team/ryan.png]
[pixner.net/revest/revest/assets/images/team/rosen.png]
[pixner.net/revest/revest/assets/images/team/robert.png]
[pixner.net/revest/revest/assets/images/icons/sales.png]
[pixner.net/revest/revest/assets/images/icons/marketing.png]
[pixner.net/revest/revest/assets/images/icons/business.png]
[pixner.net/revest/revest/assets/images/icons/development.png]
[pixner.net/revest/revest/about-us.html]
[pixner.net/revest/revest/assets/images/banner/program-bg.png]
[pixner.net/revest/revest/assets/images/banner/affi-thumb.png]
[pixner.net/revest/revest/assets/images/affiliate-illustration.png]
[pixner.net/revest/revest/assets/images/step-two-bg.png]
[pixner.net/revest/revest/assets/images/icons/join.png]
[pixner.net/revest/revest/assets/images/icons/promote.png]
[pixner.net/revest/revest/assets/images/icons/earn.png]
[pixner.net/revest/revest/affiliate-program.html]
[pixner.net/revest/revest/assets/images/banner/blog__thumb.png]
[pixner.net/revest/revest/assets/images/blog/big-poster.png]
[pixner.net/revest/revest/assets/images/blog/one.png]
[pixner.net/revest/revest/assets/images/blog/two.png]
[pixner.net/revest/revest/assets/images/blog/three.png]
[pixner.net/revest/revest/assets/images/blog/latest-one.png]
[pixner.net/revest/revest/assets/images/blog/latest__two.png]
[pixner.net/revest/revest/assets/images/blog/latest-three.png]
[pixner.net/revest/revest/assets/images/blog/latest-four.png]
[pixner.net/revest/revest/assets/images/blog/latest__five.png]
[pixner.net/revest/revest/assets/images/blog/latest-six.png]
[pixner.net/revest/revest/assets/images/blog/latest-eight.png]
[pixner.net/revest/revest/assets/images/blog/newsletter.png]
[pixner.net/revest/revest/assets/images/blog/popular-one.png]
[pixner.net/revest/revest/assets/images/blog/popular-two.png]
[pixner.net/revest/revest/blog.html]
[pixner.net/revest/revest/blog-two.html]
[pixner.net/revest/revest/assets/images/banner/blog-single-banner.png]
[pixner.net/revest/revest/assets/images/blog/calendar.png]
[pixner.net/revest/revest/assets/images/blog/watch.png]
[pixner.net/revest/revest/assets/images/blog/single-poster.png]
[pixner.net/revest/revest/assets/images/blog/avatar-bg.png]
[pixner.net/revest/revest/assets/images/blog/avatar.png]
[pixner.net/revest/revest/blog-single.html]
[pixner.net/revest/revest/assets/images/banner/career-banner-illustration.png]
[pixner.net/revest/revest/career.html]
[pixner.net/revest/revest/assets/images/banner/career-details-banner-illustration.png]
[pixner.net/revest/revest/assets/images/file.png]
[pixner.net/revest/revest/career-details.html]
[pixner.net/revest/revest/assets/images/banner/banner-three-bg.png]
[pixner.net/revest/revest/how-it-works.html]
[pixner.net/revest/revest/assets/images/banner/key-illustration.png]
[pixner.net/revest/revest/key-risks.html]
[pixner.net/revest/revest/assets/images/banner/program-illustration.png]
[pixner.net/revest/revest/loyality-program.html]
[pixner.net/revest/revest/terms-conditions.html]
[pixner.net/revest/revest/privacy-policy.html]
[pixner.net/revest/revest/cookie-policy.html]
[pixner.net/revest/revest/assets/images/support-bg.png]
[pixner.net/revest/revest/support.html]
[pixner.net/revest/revest/assets/images/error-bg.png]
[pixner.net/revest/revest/assets/images/error.png]
[pixner.net/revest/revest/404.html]
[pixner.net/revest/revest/assets/images/contact-banner-bg.png]
[pixner.net/revest/revest/assets/images/icons/email.png]
[pixner.net/revest/revest/assets/images/icons/phone.png]
[pixner.net/revest/revest/assets/images/icons/chat.png]
[pixner.net/revest/revest/assets/images/ask-bg.png]
[pixner.net/revest/revest/contact-us.html]
[pixner.net/revest/revest/assets/images/table-img.png]
[pixner.net/revest/revest/assets/images/icons/wallet.png]
[pixner.net/revest/revest/assets/images/icons/explore.png]
[pixner.net/revest/revest/investment.html]
[pixner.net/revest/revest/assets/images/visa.png]
[pixner.net/revest/revest/assets/images/mastercard.png]
[pixner.net/revest/revest/assets/images/icons/mobile.png]
[pixner.net/revest/revest/assets/images/icons/tablet.png]
[pixner.net/revest/revest/assets/images/icons/desktop.png]
[pixner.net/revest/revest/account.html]
[pixner.net/revest/revest/transaction.html]
[pixner.net/revest/revest/withdraw.html]
